// Jest Snapshot v1, https://goo.gl/fbAQLP

exports[`<ExpenseDashboard/> Should render not found page correctly 1`] = `
<h1>
  404
</h1>
`;
